\BOOKMARK [0][]{section*.1}{\376\377\000\040\144\130\000\040\000\040\000\040\000\040\211\201}{}% 1
\BOOKMARK [0][]{section*.3}{\376\377\000\040\000A\000b\000s\000t\000r\000a\000c\000t}{}% 2
\BOOKMARK [0][]{chapter*.5}{\376\377\116\073\211\201\173\046\123\367\133\371\161\147\210\150}{}% 3
\BOOKMARK [0][]{chapter.1}{\376\377\0001\000\040\176\352\213\272}{}% 4
\BOOKMARK [1][]{section.1.1}{\376\377\0001\000.\0001\000\040\170\024\172\166\200\314\146\157\116\016\141\017\116\111}{chapter.1}% 5
\BOOKMARK [2][]{subsection.1.1.1}{\376\377\0001\000.\0001\000.\0001\000\040\116\044\217\156\215\263\147\072\126\150\116\272\151\202\217\360}{section.1.1}% 6
\BOOKMARK [2][]{subsection.1.1.2}{\376\377\0001\000.\0001\000.\0002\000\040\137\072\123\026\133\146\116\140\127\050\147\072\126\150\116\272\217\320\122\250\143\247\122\066\116\055\166\204\136\224\165\050}{section.1.1}% 7
\BOOKMARK [2][]{subsection.1.1.3}{\376\377\0001\000.\0001\000.\0003\000\040\213\376\230\230\170\024\172\166\141\017\116\111}{section.1.1}% 8
\BOOKMARK [1][]{section.1.2}{\376\377\0001\000.\0002\000\040\126\375\121\205\131\026\170\024\172\166\163\260\162\266\116\016\122\006\147\220}{chapter.1}% 9
\BOOKMARK [2][]{subsection.1.2.1}{\376\377\0001\000.\0002\000.\0001\000\040\116\044\217\156\215\263\116\016\217\156\201\177\147\072\126\150\116\272\217\320\122\250\143\247\122\066\170\024\172\166\163\260\162\266}{section.1.2}% 10
\BOOKMARK [2][]{subsection.1.2.2}{\376\377\0001\000.\0002\000.\0002\000\040\127\372\116\216\137\072\123\026\133\146\116\140\166\204\215\263\137\017\147\072\126\150\116\272\153\145\140\001\165\037\142\020\170\024\172\166\163\260\162\266}{section.1.2}% 11
\BOOKMARK [2][]{subsection.1.2.3}{\376\377\0001\000.\0002\000.\0003\000\040\217\336\176\355\131\032\116\373\122\241\133\146\116\140\116\016\160\176\226\276\140\047\220\127\137\330\170\024\172\166\163\260\162\266}{section.1.2}% 12
\BOOKMARK [2][]{subsection.1.2.4}{\376\377\0001\000.\0002\000.\0004\000\040\176\246\147\137\137\072\123\026\133\146\116\140\116\016\207\215\124\010\173\227\154\325\170\024\172\166\163\260\162\266}{section.1.2}% 13
\BOOKMARK [2][]{subsection.1.2.5}{\376\377\0001\000.\0002\000.\0005\000\040\170\024\172\166\163\260\162\266\122\006\147\220\116\016\133\130\127\050\166\204\225\356\230\230}{section.1.2}% 14
\BOOKMARK [1][]{section.1.3}{\376\377\0001\000.\0003\000\040\147\054\145\207\116\073\211\201\170\024\172\166\121\205\133\271}{chapter.1}% 15
\BOOKMARK [1][]{section.1.4}{\376\377\0001\000.\0004\000\040\213\272\145\207\176\304\176\307\176\323\147\204}{chapter.1}% 16
\BOOKMARK [0][]{chapter.2}{\376\377\0002\000\040\116\044\217\156\215\263\147\072\126\150\116\272\136\372\152\041\116\016\137\072\123\026\133\146\116\140\164\006\213\272\127\372\170\100}{}% 17
\BOOKMARK [1][]{section.2.1}{\376\377\0002\000.\0001\000\040\116\044\217\156\215\263\147\072\126\150\116\272\147\072\147\204\116\016\217\320\122\250\133\146\152\041\127\213}{chapter.2}% 18
\BOOKMARK [2][]{subsection.2.1.1}{\376\377\0002\000.\0001\000.\0001\000\040\147\072\147\204\147\204\127\213\116\016\201\352\165\061\136\246\122\006\147\220}{section.2.1}% 19
\BOOKMARK [2][]{subsection.2.1.2}{\376\377\0002\000.\0001\000.\0002\000\040\217\320\122\250\133\146\136\372\152\041}{section.2.1}% 20
\BOOKMARK [2][]{subsection.2.1.3}{\376\377\0002\000.\0001\000.\0003\000\040\120\022\172\313\144\106\122\250\122\233\133\146\152\041\127\213}{section.2.1}% 21
\BOOKMARK [1][]{section.2.2}{\376\377\0002\000.\0002\000\040\137\072\123\026\133\146\116\140\127\372\170\100\164\006\213\272}{chapter.2}% 22
\BOOKMARK [2][]{subsection.2.2.1}{\376\377\0002\000.\0002\000.\0001\000\040\232\154\134\024\123\357\131\053\121\263\173\126\217\307\172\013}{section.2.2}% 23
\BOOKMARK [2][]{subsection.2.2.2}{\376\377\0002\000.\0002\000.\0002\000\040\173\126\165\145\150\257\136\246\116\016\000P\000P\000O\173\227\154\325}{section.2.2}% 24
\BOOKMARK [2][]{subsection.2.2.3}{\376\377\0002\000.\0002\000.\0003\000\040\147\000\131\047\161\265\137\072\123\026\133\146\116\140\116\016\000S\000A\000C\173\227\154\325}{section.2.2}% 25
\BOOKMARK [2][]{subsection.2.2.4}{\376\377\0002\000.\0002\000.\0004\000\040\176\246\147\137\232\154\134\024\123\357\131\053\121\263\173\126\217\307\172\013\116\016\000N\0003\000P\000O}{section.2.2}% 26
\BOOKMARK [2][]{subsection.2.2.5}{\376\377\0002\000.\0002\000.\0005\000\040\122\006\134\102\137\072\123\026\133\146\116\140\116\016\225\350\143\247\147\072\122\066}{section.2.2}% 27
\BOOKMARK [1][]{section.2.3}{\376\377\0002\000.\0003\000\040\162\151\164\006\116\377\167\037\116\016\137\002\147\204\213\255\176\303\150\106\147\266}{chapter.2}% 28
\BOOKMARK [2][]{subsection.2.3.1}{\376\377\0002\000.\0003\000.\0001\000\040\000M\000u\000J\000o\000C\000o\162\151\164\006\137\025\144\316}{section.2.3}% 29
\BOOKMARK [2][]{subsection.2.3.2}{\376\377\0002\000.\0003\000.\0002\000\040\000U\000n\000i\000L\000a\000b\137\002\147\204\137\072\123\026\133\146\116\140\213\255\176\303\150\106\147\266}{section.2.3}% 30
\BOOKMARK [1][]{section.2.4}{\376\377\0002\000.\0004\000\040\147\054\172\340\134\017\176\323}{chapter.2}% 31
\BOOKMARK [0][]{chapter.3}{\376\377\0003\000\040\131\032\116\373\122\241\137\072\123\026\133\146\116\140\140\073\117\123\150\106\147\266\116\016\155\367\124\010\127\060\137\142\176\337\116\000\163\257\130\203}{}% 32
\BOOKMARK [1][]{section.3.1}{\376\377\0003\000.\0001\000\040\140\073\117\123\213\276\213\241\140\035\215\357}{chapter.3}% 33
\BOOKMARK [2][]{subsection.3.1.1}{\376\377\0003\000.\0001\000.\0001\000\040\213\276\213\241\227\000\154\102\122\006\147\220}{section.3.1}% 34
\BOOKMARK [2][]{subsection.3.1.2}{\376\377\0003\000.\0001\000.\0002\000\040\000"\122\006\213\255\000-\145\164\124\010\000"\116\044\226\066\153\265\203\003\137\017}{section.3.1}% 35
\BOOKMARK [1][]{section.3.2}{\376\377\0003\000.\0002\000\040\155\367\124\010\127\060\137\142\176\337\116\000\116\377\167\037\163\257\130\203\213\276\213\241}{chapter.3}% 36
\BOOKMARK [2][]{subsection.3.2.1}{\376\377\0003\000.\0002\000.\0001\000\040\127\060\137\142\136\223\147\204\142\020}{section.3.2}% 37
\BOOKMARK [2][]{subsection.3.2.2}{\376\377\0003\000.\0002\000.\0002\000\040\127\060\137\142\000-\153\145\140\001\133\371\136\224\121\163\174\373}{section.3.2}% 38
\BOOKMARK [2][]{subsection.3.2.3}{\376\377\0003\000.\0002\000.\0003\000\040\230\206\127\337\226\217\147\072\123\026}{section.3.2}% 39
\BOOKMARK [1][]{section.3.3}{\376\377\0003\000.\0003\000\040\153\145\140\001\116\023\133\266\136\223\166\204\162\354\172\313\213\255\176\303}{chapter.3}% 40
\BOOKMARK [2][]{subsection.3.3.1}{\376\377\0003\000.\0003\000.\0001\000\040\0007\116\052\153\145\140\001\116\023\133\266\166\204\122\022\122\006}{section.3.3}% 41
\BOOKMARK [2][]{subsection.3.3.2}{\376\377\0003\000.\0003\000.\0002\000\040\116\023\133\266\162\354\172\313\213\255\176\303\116\016\232\214\145\066}{section.3.3}% 42
\BOOKMARK [2][]{subsection.3.3.3}{\376\377\0003\000.\0003\000.\0003\000\040\211\302\155\113\060\001\122\250\117\134\116\016\142\147\210\114\230\221\163\207\213\276\213\241}{section.3.3}% 43
\BOOKMARK [1][]{section.3.4}{\376\377\0003\000.\0004\000\040\133\146\116\140\137\017\176\337\116\000\214\003\136\246\126\150\140\073\117\123\145\271\150\110}{chapter.3}% 44
\BOOKMARK [2][]{subsection.3.4.1}{\376\377\0003\000.\0004\000.\0001\000\040\214\003\136\246\126\150\116\373\122\241\136\372\152\041}{section.3.4}% 45
\BOOKMARK [2][]{subsection.3.4.2}{\376\377\0003\000.\0004\000.\0002\000\040\214\003\136\246\126\150\213\255\176\303}{section.3.4}% 46
\BOOKMARK [2][]{subsection.3.4.3}{\376\377\0003\000.\0004\000.\0003\000\040\116\016\116\011\131\047\225\356\230\230\166\204\121\163\174\373}{section.3.4}% 47
\BOOKMARK [1][]{section.3.5}{\376\377\0003\000.\0005\000\040\131\032\116\373\122\241\145\164\124\010\166\204\116\011\131\047\150\070\137\303\225\356\230\230\136\224\133\371}{chapter.3}% 48
\BOOKMARK [2][]{subsection.3.5.1}{\376\377\0003\000.\0005\000.\0001\000\040\160\176\226\276\140\047\220\127\137\330\377\032\123\302\145\160\211\343\200\046\116\016\122\006\213\255}{section.3.5}% 49
\BOOKMARK [2][]{subsection.3.5.2}{\376\377\0003\000.\0005\000.\0002\000\040\131\126\122\261\121\262\172\201\377\032\116\023\133\266\131\126\122\261\116\016\214\003\136\246\126\150\166\356\150\007\122\006\171\273}{section.3.5}% 50
\BOOKMARK [2][]{subsection.3.5.3}{\376\377\0003\000.\0005\000.\0003\000\040\134\100\220\350\147\000\117\030\377\032\176\337\116\000\213\304\117\060\116\016\230\206\127\337\226\217\147\072\123\026}{section.3.5}% 51
\BOOKMARK [1][]{section.3.6}{\376\377\0003\000.\0006\000\040\131\032\176\364\213\304\116\367\116\016\122\006\147\220\117\123\174\373}{chapter.3}% 52
\BOOKMARK [1][]{section.3.7}{\376\377\0003\000.\0007\000\040\147\054\172\340\134\017\176\323}{chapter.3}% 53
\BOOKMARK [0][]{chapter.4}{\376\377\0004\000\040\210\114\215\160\174\173\153\145\140\001\116\023\133\266\166\204\162\354\172\313\213\255\176\303}{}% 54
\BOOKMARK [1][]{section.4.1}{\376\377\0004\000.\0001\000\040\210\114\215\160\174\173\116\023\133\266\136\223\151\202\217\360}{chapter.4}% 55
\BOOKMARK [1][]{section.4.2}{\376\377\0004\000.\0002\000\040\156\332\122\250\210\114\215\160\116\023\133\266}{chapter.4}% 56
\BOOKMARK [2][]{subsection.4.2.1}{\376\377\0004\000.\0002\000.\0001\000\040\172\063\133\232\172\331\172\313\131\377\140\001\143\247\122\066}{section.4.2}% 57
\BOOKMARK [2][]{subsection.4.2.2}{\376\377\0004\000.\0002\000.\0002\000\040\201\177\225\177\123\330\123\026\116\016\210\114\215\160\147\072\122\066}{section.4.2}% 58
\BOOKMARK [2][]{subsection.4.2.3}{\376\377\0004\000.\0002\000.\0003\000\040\122\115\217\333\124\016\220\000\116\016\217\154\124\021\143\247\122\066}{section.4.2}% 59
\BOOKMARK [2][]{subsection.4.2.4}{\376\377\0004\000.\0002\000.\0004\000\040\117\247\124\021\171\373\122\250\377\010\162\355\172\204\127\060\137\142\377\011}{section.4.2}% 60
\BOOKMARK [1][]{section.4.3}{\376\377\0004\000.\0003\000\040\174\227\174\331\127\060\137\142\210\114\215\160\116\023\133\266}{chapter.4}% 61
\BOOKMARK [2][]{subsection.4.3.1}{\376\377\0004\000.\0003\000.\0001\000\040\127\060\137\142\141\037\167\345\116\016\211\302\155\113\213\276\213\241}{section.4.3}% 62
\BOOKMARK [2][]{subsection.4.3.2}{\376\377\0004\000.\0003\000.\0002\000\040\201\177\225\177\127\372\116\216\127\060\137\142\201\352\220\002\136\224\123\330\123\026}{section.4.3}% 63
\BOOKMARK [2][]{subsection.4.3.3}{\376\377\0004\000.\0003\000.\0003\000\040\131\032\127\060\137\142\213\376\172\013\213\255\176\303}{section.4.3}% 64
\BOOKMARK [1][]{section.4.4}{\376\377\0004\000.\0004\000\040\210\114\215\160\174\173\116\023\133\266\162\354\172\313\213\255\176\303\133\236\232\214\213\276\177\156}{chapter.4}% 65
\BOOKMARK [1][]{section.4.5}{\376\377\0004\000.\0005\000\040\133\236\232\214\176\323\147\234\116\016\122\006\147\220}{chapter.4}% 66
\BOOKMARK [2][]{subsection.4.5.1}{\376\377\0004\000.\0005\000.\0001\000\040\156\332\122\250\210\114\215\160\116\023\133\266\140\047\200\375}{section.4.5}% 67
\BOOKMARK [2][]{subsection.4.5.2}{\376\377\0004\000.\0005\000.\0002\000\040\174\227\174\331\127\060\137\142\210\114\215\160\116\023\133\266\140\047\200\375}{section.4.5}% 68
\BOOKMARK [1][]{section.4.6}{\376\377\0004\000.\0006\000\040\147\054\172\340\134\017\176\323}{chapter.4}% 69
\BOOKMARK [0][]{chapter.5}{\376\377\0005\000\040\174\276\176\306\136\163\210\141\174\173\153\145\140\001\116\023\133\266\166\204\162\354\172\313\213\255\176\303}{}% 70
\BOOKMARK [1][]{section.5.1}{\376\377\0005\000.\0001\000\040\174\276\176\306\136\163\210\141\174\173\116\023\133\266\136\223\151\202\217\360}{chapter.5}% 71
\BOOKMARK [1][]{section.5.2}{\376\377\0005\000.\0002\000\040\142\254\201\177\210\114\215\160\116\023\133\266}{chapter.5}% 72
\BOOKMARK [2][]{subsection.5.2.1}{\376\377\0005\000.\0002\000.\0001\000\040\142\254\201\177\147\072\122\066\116\016\116\373\122\241\213\276\213\241}{section.5.2}% 73
\BOOKMARK [2][]{subsection.5.2.2}{\376\377\0005\000.\0002\000.\0002\000\040\174\227\174\331\116\016\147\050\150\151\127\060\137\142\166\204\160\271\215\263\210\114\215\160}{section.5.2}% 74
\BOOKMARK [1][]{section.5.3}{\376\377\0005\000.\0003\000\040\142\254\201\177\116\012\123\360\226\066\116\023\133\266}{chapter.5}% 75
\BOOKMARK [2][]{subsection.5.3.1}{\376\377\0005\000.\0003\000.\0001\000\040\116\373\122\241\133\232\116\111\116\016\176\246\147\137\122\006\147\220}{section.5.3}% 76
\BOOKMARK [2][]{subsection.5.3.2}{\376\377\0005\000.\0003\000.\0002\000\040\127\372\116\216\000N\0003\000P\000O\166\204\176\246\147\137\137\072\123\026\133\146\116\140}{section.5.3}% 77
\BOOKMARK [2][]{subsection.5.3.3}{\376\377\0005\000.\0003\000.\0003\000\040\116\016\000S\000A\000C\123\312\123\125\137\072\123\026\133\146\116\140\173\227\154\325\166\204\133\371\153\324}{section.5.3}% 78
\BOOKMARK [1][]{section.5.4}{\376\377\0005\000.\0004\000\040\123\125\201\177\136\163\210\141\116\023\133\266}{chapter.5}% 79
\BOOKMARK [2][]{subsection.5.4.1}{\376\377\0005\000.\0004\000.\0001\000\040\145\066\201\235\142\230\201\177\116\016\117\247\120\076\147\072\122\066}{section.5.4}% 80
\BOOKMARK [2][]{subsection.5.4.2}{\376\377\0005\000.\0004\000.\0002\000\040\162\354\147\050\150\145\210\114\215\160}{section.5.4}% 81
\BOOKMARK [1][]{section.5.5}{\376\377\0005\000.\0005\000\040\133\236\232\214\176\323\147\234\116\016\122\006\147\220}{chapter.5}% 82
\BOOKMARK [1][]{section.5.6}{\376\377\0005\000.\0006\000\040\147\054\172\340\134\017\176\323}{chapter.5}% 83
\BOOKMARK [0][]{chapter.6}{\376\377\0006\000\040\232\330\122\250\140\001\145\117\143\167\174\173\153\145\140\001\116\023\133\266\166\204\162\354\172\313\213\255\176\303}{}% 84
\BOOKMARK [1][]{section.6.1}{\376\377\0006\000.\0001\000\040\232\330\122\250\140\001\145\117\143\167\174\173\116\023\133\266\136\223\151\202\217\360}{chapter.6}% 85
\BOOKMARK [1][]{section.6.2}{\376\377\0006\000.\0002\000\040\000S\000L\000I\000P\152\041\127\213\116\016\000V\000M\000C\207\215\124\010\143\247\122\066\127\372\170\100}{chapter.6}% 86
\BOOKMARK [2][]{subsection.6.2.1}{\376\377\0006\000.\0002\000.\0001\000\040\000S\000L\000I\000P\152\041\127\213}{section.6.2}% 87
\BOOKMARK [2][]{subsection.6.2.2}{\376\377\0006\000.\0002\000.\0002\000\040\206\132\142\337\152\041\127\213\143\247\122\066\377\010\000V\000M\000C\377\011}{section.6.2}% 88
\BOOKMARK [1][]{section.6.3}{\376\377\0006\000.\0003\000\040\215\363\215\303\116\023\133\266}{chapter.6}% 89
\BOOKMARK [2][]{subsection.6.3.1}{\376\377\0006\000.\0003\000.\0001\000\040\123\125\000P\000P\000O\173\227\154\325}{section.6.3}% 90
\BOOKMARK [2][]{subsection.6.3.2}{\376\377\0006\000.\0003\000.\0002\000\040\000P\000P\000O\000+\000S\000L\000I\000P\207\215\124\010\173\227\154\325}{section.6.3}% 91
\BOOKMARK [2][]{subsection.6.3.3}{\376\377\0006\000.\0003\000.\0003\000\040\000S\000L\000I\000P\000+\000P\000P\000O\000+\000V\000M\000C\207\215\124\010\173\227\154\325}{section.6.3}% 92
\BOOKMARK [2][]{subsection.6.3.4}{\376\377\0006\000.\0003\000.\0004\000\040\210\114\215\160\217\307\172\013\116\055\215\363\215\303}{section.6.3}% 93
\BOOKMARK [1][]{section.6.4}{\376\377\0006\000.\0004\000\040\124\016\172\172\177\373\116\023\133\266}{chapter.6}% 94
\BOOKMARK [2][]{subsection.6.4.1}{\376\377\0006\000.\0004\000.\0001\000\040\177\373\217\154\226\066\153\265\122\022\122\006\116\016\147\072\122\066}{section.6.4}% 95
\BOOKMARK [2][]{subsection.6.4.2}{\376\377\0006\000.\0004\000.\0002\000\040\170\156\133\232\140\047\177\373\217\154\116\016\122\115\231\210\143\247\122\066}{section.6.4}% 96
\BOOKMARK [2][]{subsection.6.4.3}{\376\377\0006\000.\0004\000.\0003\000\040\131\126\122\261\121\375\145\160\213\276\213\241}{section.6.4}% 97
\BOOKMARK [1][]{section.6.5}{\376\377\0006\000.\0005\000\040\131\032\173\227\154\325\133\371\153\324\122\006\147\220}{chapter.6}% 98
\BOOKMARK [2][]{subsection.6.5.1}{\376\377\0006\000.\0005\000.\0001\000\040\215\363\215\303\172\063\133\232\140\047\133\371\153\324}{section.6.5}% 99
\BOOKMARK [2][]{subsection.6.5.2}{\376\377\0006\000.\0005\000.\0002\000\040\145\066\145\133\220\037\136\246\133\371\153\324}{section.6.5}% 100
\BOOKMARK [2][]{subsection.6.5.3}{\376\377\0006\000.\0005\000.\0003\000\040\217\375\216\052\213\357\135\356\133\371\153\324}{section.6.5}% 101
\BOOKMARK [1][]{section.6.6}{\376\377\0006\000.\0006\000\040\133\236\232\214\176\323\147\234\116\016\122\006\147\220}{chapter.6}% 102
\BOOKMARK [1][]{section.6.7}{\376\377\0006\000.\0007\000\040\147\054\172\340\134\017\176\323}{chapter.6}% 103
\BOOKMARK [0][]{chapter.7}{\376\377\0007\000\040\133\146\116\140\137\017\176\337\116\000\214\003\136\246\126\150\213\276\213\241}{}% 104
\BOOKMARK [1][]{section.7.1}{\376\377\0007\000.\0001\000\040\225\356\230\230\143\317\217\360\116\016\213\276\213\241\166\356\150\007}{chapter.7}% 105
\BOOKMARK [1][]{section.7.2}{\376\377\0007\000.\0002\000\040\214\003\136\246\126\150\166\204\122\006\134\102\137\072\123\026\133\146\116\140\136\372\152\041}{chapter.7}% 106
\BOOKMARK [2][]{subsection.7.2.1}{\376\377\0007\000.\0002\000.\0001\000\040\220\011\230\171\150\106\147\266\116\016\116\023\133\266\226\306\124\010}{section.7.2}% 107
\BOOKMARK [2][]{subsection.7.2.2}{\376\377\0007\000.\0002\000.\0002\000\040\162\266\140\001\116\016\122\250\117\134\172\172\225\364}{section.7.2}% 108
\BOOKMARK [2][]{subsection.7.2.3}{\376\377\0007\000.\0002\000.\0003\000\040\232\330\134\102\131\126\122\261\213\276\213\241}{section.7.2}% 109
\BOOKMARK [1][]{section.7.3}{\376\377\0007\000.\0003\000\040\127\060\137\142\141\037\167\345\116\016\162\266\140\001\142\275\214\141}{chapter.7}% 110
\BOOKMARK [2][]{subsection.7.3.1}{\376\377\0007\000.\0003\000.\0001\000\040\127\060\137\142\141\037\167\345\162\171\137\201\143\320\123\326}{section.7.3}% 111
\BOOKMARK [2][]{subsection.7.3.2}{\376\377\0007\000.\0003\000.\0002\000\040\116\373\122\241\143\007\116\344\116\016\122\007\143\142\150\007\137\327}{section.7.3}% 112
\BOOKMARK [1][]{section.7.4}{\376\377\0007\000.\0004\000\040\225\350\143\247\147\072\122\066\116\016\116\023\133\266\122\007\143\142}{chapter.7}% 113
\BOOKMARK [2][]{subsection.7.4.1}{\376\377\0007\000.\0004\000.\0001\000\040\170\154\225\350\143\247\116\016\217\157\225\350\143\247}{section.7.4}% 114
\BOOKMARK [2][]{subsection.7.4.2}{\376\377\0007\000.\0004\000.\0002\000\040\122\007\143\142\136\163\156\321\116\016\156\336\124\016\147\072\122\066}{section.7.4}% 115
\BOOKMARK [2][]{subsection.7.4.3}{\376\377\0007\000.\0004\000.\0003\000\040\116\016\201\352\220\002\136\224\200\375\221\317\143\007\150\007\166\204\207\215\124\010}{section.7.4}% 116
\BOOKMARK [1][]{section.7.5}{\376\377\0007\000.\0005\000\040\214\003\136\246\126\150\213\255\176\303\155\101\172\013}{chapter.7}% 117
\BOOKMARK [2][]{subsection.7.5.1}{\376\377\0007\000.\0005\000.\0001\000\040\213\376\172\013\137\017\127\072\146\157\177\026\143\222}{section.7.5}% 118
\BOOKMARK [2][]{subsection.7.5.2}{\376\377\0007\000.\0005\000.\0002\000\040\116\023\133\266\121\273\176\323\116\016\200\124\124\010\137\256\214\003}{section.7.5}% 119
\BOOKMARK [1][]{section.7.6}{\376\377\0007\000.\0006\000\040\147\054\172\340\134\017\176\323}{chapter.7}% 120
\BOOKMARK [0][]{chapter.8}{\376\377\0008\000\040\176\337\116\000\174\373\176\337\226\306\142\020\116\016\145\164\117\123\232\214\213\301}{}% 121
\BOOKMARK [1][]{section.8.1}{\376\377\0008\000.\0001\000\040\176\337\116\000\174\373\176\337\147\266\147\204\116\016\226\306\142\020\155\101\172\013}{chapter.8}% 122
\BOOKMARK [2][]{subsection.8.1.1}{\376\377\0008\000.\0001\000.\0001\000\040\174\373\176\337\176\304\142\020}{section.8.1}% 123
\BOOKMARK [2][]{subsection.8.1.2}{\376\377\0008\000.\0001\000.\0002\000\040\226\306\142\020\155\101\172\013}{section.8.1}% 124
\BOOKMARK [1][]{section.8.2}{\376\377\0008\000.\0002\000\040\155\367\124\010\127\060\137\142\176\337\116\000\163\257\130\203\133\236\232\214\213\276\177\156}{chapter.8}% 125
\BOOKMARK [2][]{subsection.8.2.1}{\376\377\0008\000.\0002\000.\0001\000\040\127\072\146\157\136\003\177\156}{section.8.2}% 126
\BOOKMARK [2][]{subsection.8.2.2}{\376\377\0008\000.\0002\000.\0002\000\040\213\304\116\367\143\007\150\007}{section.8.2}% 127
\BOOKMARK [1][]{section.8.3}{\376\377\0008\000.\0003\000\040\145\164\117\123\220\115\123\206\133\236\232\214}{chapter.8}% 128
\BOOKMARK [2][]{subsection.8.3.1}{\376\377\0008\000.\0003\000.\0001\000\040\133\214\145\164\220\115\123\206\116\016\201\352\122\250\153\145\140\001\122\007\143\142\157\024\171\072}{section.8.3}% 129
\BOOKMARK [2][]{subsection.8.3.2}{\376\377\0008\000.\0003\000.\0002\000\040\124\004\127\060\137\142\153\265\204\075\220\032\217\307\140\047\200\375}{section.8.3}% 130
\BOOKMARK [1][]{section.8.4}{\376\377\0008\000.\0004\000\040\131\032\116\373\122\241\145\164\124\010\225\356\230\230\155\210\207\215\232\214\213\301}{chapter.8}% 131
\BOOKMARK [2][]{subsection.8.4.1}{\376\377\0008\000.\0004\000.\0001\000\040\160\176\226\276\140\047\220\127\137\330\155\210\207\215}{section.8.4}% 132
\BOOKMARK [2][]{subsection.8.4.2}{\376\377\0008\000.\0004\000.\0002\000\040\131\126\122\261\121\262\172\201\155\210\207\215}{section.8.4}% 133
\BOOKMARK [2][]{subsection.8.4.3}{\376\377\0008\000.\0004\000.\0003\000\040\134\100\220\350\147\000\117\030\155\210\207\215}{section.8.4}% 134
\BOOKMARK [1][]{section.8.5}{\376\377\0008\000.\0005\000\040\116\016\163\260\147\011\145\271\154\325\133\371\153\324}{chapter.8}% 135
\BOOKMARK [1][]{section.8.6}{\376\377\0008\000.\0006\000\040\147\054\172\340\134\017\176\323}{chapter.8}% 136
\BOOKMARK [0][]{chapter.9}{\376\377\0009\000\040\176\323\213\272\116\016\134\125\147\033}{}% 137
\BOOKMARK [1][]{section.9.1}{\376\377\0009\000.\0001\000\040\121\150\145\207\135\345\117\134\140\073\176\323}{chapter.9}% 138
\BOOKMARK [1][]{section.9.2}{\376\377\0009\000.\0002\000\040\116\073\211\201\122\033\145\260\160\271}{chapter.9}% 139
\BOOKMARK [1][]{section.9.3}{\376\377\0009\000.\0003\000\040\170\024\172\166\134\125\147\033}{chapter.9}% 140
\BOOKMARK [0][]{section*.20}{\376\377\000\040\201\364\000\040\214\042}{}% 141
\BOOKMARK [0][]{section*.22}{\376\377\000\040\123\302\200\003\145\207\163\056}{}% 142
\BOOKMARK [0][]{appendix.A}{\376\377\0001\000\040\145\073\213\373\170\125\130\353\133\146\117\115\147\037\225\364\203\267\137\227\166\204\133\146\147\057\142\020\147\234}{}% 143
\BOOKMARK [0][]{appendix.B}{\376\377\0002\000\040\145\073\213\373\170\125\130\353\133\146\117\115\147\037\225\364\123\302\122\240\166\204\171\321\170\024\230\171\166\356}{}% 144
