\BOOKMARK [1][-]{section.1}{\376\377\137\025\212\000}{}% 1
\BOOKMARK [1][-]{section.2}{\376\377\166\370\121\163\135\345\117\134}{}% 2
\BOOKMARK [2][-]{subsection.2.1}{\376\377\127\372\116\216\000S\000L\000I\000P\152\041\127\213\166\204\217\320\122\250\143\247\122\066}{section.2}% 3
\BOOKMARK [2][-]{subsection.2.2}{\376\377\217\156\201\177\147\072\126\150\116\272\166\204\215\363\215\303\143\247\122\066}{section.2}% 4
\BOOKMARK [2][-]{subsection.2.3}{\376\377\155\367\124\010\000S\000L\000I\000P\000-\000R\000L\150\106\147\266\116\016\137\072\123\026\133\146\116\140\215\363\215\303}{section.2}% 5
\BOOKMARK [1][-]{section.3}{\376\377\147\054\145\207\145\271\154\325}{}% 6
\BOOKMARK [2][-]{subsection.3.1}{\376\377\116\373\122\241\133\232\116\111\116\016\140\073\117\123\150\106\147\266}{section.3}% 7
\BOOKMARK [2][-]{subsection.3.2}{\376\377\147\072\126\150\116\272\136\163\123\360\116\016\116\377\167\037\163\257\130\203}{section.3}% 8
\BOOKMARK [2][-]{subsection.3.3}{\376\377\166\370\117\115\225\350\143\247\131\126\122\261}{section.3}% 9
\BOOKMARK [2][-]{subsection.3.4}{\376\377\000S\000L\000I\000P\000-\000F\000S\000M\000\040\166\370\117\115\123\302\200\003}{section.3}% 10
\BOOKMARK [2][-]{subsection.3.5}{\376\377\206\132\142\337\152\041\127\213\143\247\122\066\377\010\000V\000M\000C\377\011\134\102}{section.3}% 11
\BOOKMARK [2][-]{subsection.3.6}{\376\377\177\121\176\334\116\016\213\255\176\303\213\276\177\156}{section.3}% 12
\BOOKMARK [1][-]{section.4}{\376\377\133\236\232\214}{}% 13
\BOOKMARK [2][-]{subsection.4.1}{\376\377\213\255\176\303\116\016\213\304\117\060\123\117\213\256}{section.4}% 14
\BOOKMARK [2][-]{subsection.4.2}{\376\377\116\073\133\371\153\324\176\323\147\234}{section.4}% 15
\BOOKMARK [2][-]{subsection.4.3}{\376\377\213\255\176\303\146\362\176\277}{section.4}% 16
\BOOKMARK [2][-]{subsection.4.4}{\376\377\131\126\122\261\122\006\230\171\142\306\211\343}{section.4}% 17
\BOOKMARK [2][-]{subsection.4.5}{\376\377\145\340\123\302\200\003\176\257\000P\000P\000O\166\204\131\126\122\261\135\345\172\013\116\016\131\061\215\045\152\041\137\017}{section.4}% 18
\BOOKMARK [2][-]{subsection.4.6}{\376\377\215\363\215\303\217\150\217\371\116\016\131\377\140\001}{section.4}% 19
\BOOKMARK [1][-]{section.5}{\376\377\213\250\213\272}{}% 20
\BOOKMARK [1][-]{section.6}{\376\377\176\323\213\272}{}% 21
